../TCP_App/Src/TCP_client.c:21:6:tcp_client_init	8	static
../TCP_App/Src/TCP_client.c:33:6:tcp_client_connect	16	static
../TCP_App/Src/TCP_client.c:69:6:tcp_client_disconnect	8	static
../TCP_App/Src/TCP_client.c:79:6:tcp_client_send	24	static
../TCP_App/Src/TCP_client.c:101:6:tcp_client_process	8	static
../TCP_App/Src/TCP_client.c:112:20:tcp_client_get_state	4	static
../TCP_App/Src/TCP_client.c:117:5:tcp_client_read_string	24	static
../TCP_App/Src/TCP_client.c:135:10:tcp_client_data_available	4	static
../TCP_App/Src/TCP_client.c:140:13:tcp_client_error	16	static
../TCP_App/Src/TCP_client.c:147:14:tcp_client_sent	24	static
../TCP_App/Src/TCP_client.c:153:14:tcp_client_recv	32	static
../TCP_App/Src/TCP_client.c:184:14:tcp_client_connected	24	static
