../TCP_App/Src/TCP_client.c:21:6:tcp_client_init	8	static
../TCP_App/Src/TCP_client.c:35:6:tcp_client_connect	16	static
../TCP_App/Src/TCP_client.c:71:6:tcp_client_disconnect	8	static
../TCP_App/Src/TCP_client.c:81:6:tcp_client_send	24	static
../TCP_App/Src/TCP_client.c:103:6:tcp_client_process	8	static
../TCP_App/Src/TCP_client.c:114:20:tcp_client_get_state	4	static
../TCP_App/Src/TCP_client.c:119:5:tcp_client_read_string	24	static
../TCP_App/Src/TCP_client.c:159:10:tcp_client_data_available	16	static
../TCP_App/Src/TCP_client.c:171:13:tcp_client_error	16	static
../TCP_App/Src/TCP_client.c:178:14:tcp_client_sent	24	static
../TCP_App/Src/TCP_client.c:184:14:tcp_client_recv	40	static
../TCP_App/Src/TCP_client.c:218:14:tcp_client_connected	32	static
